;Address   Label      Type

0031       NODSK      (CODE)
6D91       ERRL       (CODE)
A250       RD_SEC     (CODE)
A255       READLP     (CODE)  
A258       READLP1    (CODE)
A25B       RERDTR     (CODE)
A287       GOODRD     (CODE)
A294       NOSRDT     (CODE)
A29D       RD_ZF      (CODE)
A2A4       RZFD1      (CODE)
A2AA       RZFDTR     (CODE)
A2DD       GOODZF     (CODE)
A2EA       ZFSRDT     (CODE)
A2EE       WR_SEC     (CODE)
A2F3       WRITLP     (CODE)
A2F6       WRITLP1    (CODE)
A2F9       REWRTR     (CODE)
A32C       GOODWR     (CODE)
A339       NOSWRT     (CODE)
A33D       RES_VG     (CODE)
A34E       BRKCHK     (CODE)
A35E       GOODBR     (CODE)
A360       BADBR      (CODE)
A364       POSIT      (CODE)
A37C       LOGPOS     (CODE)
A389       STRMOT     (CODE)
A3B4       RELOG      (CODE)
A3BA       RELL       (CODE)
A3D3       TRKOK      (CODE)
A3E1       FREED      (CODE)
A3E6       LD_INF     (CODE)
A404       BADPR      (CODE)
A40A       RESET      (CODE)
A419       SORSET     (CODE)
A42B       WAITFF     (CODE)
A434       RD_DATA    (CODE)
A43C       WR_DATA    (CODE)
A444       CALCFF     (CODE)
A451       TOSYS      (CODE)
A45A       TOFF       (CODE)
A45E       TO7F       (CODE)
A462       TO3F       (CODE)
A466       TO5F       (CODE)
A46A       TO1F       (CODE)
A46C       TOPORT     (CODE)
A470       TODOS      (CODE)
A475       var_DRIVE  (DATA)
A476       var_LTRK   (DATA)
A477       FROM1F     (CODE)
A490       SYSRET     (CODE)
A491       LASTSP     (DATA)
A499       NODSK_0    (DATA)
A4A3       var_SCAN_B (DATA)
A4A9       var_WRP    (DATA)
A4AA       var_LASTDR (DATA)
