; NextZXOS ROM 3
L0000: equ 0x0000
ERROR_1: equ 0x0008
L0010: equ 0x0010
L0018: equ 0x0018
L0020: equ 0x0020
FP_CALC: equ 0x0028
BC_SPACES: equ 0x0030
MASK_INT: equ 0x0038
ERROR_2: equ 0x0053
ERROR_3: equ 0x0055
L0066: equ 0x0066
CH_ADD_1: equ 0x0074
TEMP_PTR1: equ 0x0077
TEMP_PTR2: equ 0x0078
SKIP_OVER: equ 0x007D
SKIPS: equ 0x0090
MAIN_KEYS: equ 0x0205
E_UNSHIFT: equ 0x022C
EXT_SHIFT: equ 0x0246
E_DIGITS: equ 0x0284
KEY_SCAN: equ 0x028E
KEY_LINE: equ 0x0296
KEY_3KEYS: equ 0x029F
KEY_BITS: equ 0x02A1
KEY_DONE: equ 0x02AB
KEYBOARD: equ 0x02BF
K_ST_LOOP: equ 0x02C6
K_CH_SET: equ 0x02D1
K_NEW: equ 0x02F1
K_END: equ 0x0308
K_REPEAT: equ 0x0310
K_TEST: equ 0x031E
K_MAIN: equ 0x032C
K_DECODE: equ 0x0333
addit: equ 0x033E
K_E_LET: equ 0x0341
K_LOOK_UP: equ 0x034A
K_KLC_LET: equ 0x034F
K_TOKENS: equ 0x0364
K_DIGIT: equ 0x0367
K_8___9: equ 0x0382
K_GRA_DGT: equ 0x0389
K_KLC_DGT: equ 0x039D
K___CHAR: equ 0x03B2
BEEPER: equ 0x03B5
BE_IX_3: equ 0x03D1
BE_IX_2: equ 0x03D2
BE_IX_1: equ 0x03D3
BE_IX_0: equ 0x03D4
BE_H_L_LP: equ 0x03D6
BE_AGAIN: equ 0x03F2
BE_END: equ 0x03F6
beep: equ 0x03F8
BE_i_OK: equ 0x0425
BE_OCTAVE: equ 0x0427
REPORT_B: equ 0x046C
semi_tone: equ 0x046E
SA_BYTES: equ 0x04C2
SA_FLAG: equ 0x04D0
SA_LEADER: equ 0x04D8
SA_SYNC_1: equ 0x04EA
SA_SYNC_2: equ 0x04F2
SA_LOOP: equ 0x04FE
SA_LOOP_P: equ 0x0505
SA_START: equ 0x0507
SA_PARITY: equ 0x050E
SA_BIT_2: equ 0x0511
SA_BIT_1: equ 0x0514
SA_SET: equ 0x051A
SA_OUT: equ 0x051C
SA_8_BITS: equ 0x0525
SA_DELAY: equ 0x053C
SA_LD_RET: equ 0x053F
SA_LD_END: equ 0x0554
LD_BYTES: equ 0x0556
LD_BREAK: equ 0x056B
LD_START: equ 0x056C
LD_WAIT: equ 0x0574
LD_LEADER: equ 0x0580
LD_SYNC: equ 0x058F
LD_LOOP: equ 0x05A9
LD_FLAG: equ 0x05B3
LD_VERIFY: equ 0x05BD
LD_NEXT: equ 0x05C2
LD_DEC: equ 0x05C4
LD_MARKER: equ 0x05C8
LD_8_BITS: equ 0x05CA
LD_EDGE_2: equ 0x05E3
LD_EDGE_1: equ 0x05E7
LD_DELAY: equ 0x05E9
LD_SAMPLE: equ 0x05ED
S_SCREEN_: equ 0x0874
PRINT_OUT: equ 0x09F4
PO_BACK_1: equ 0x0A23
PO_BACK_2: equ 0x0A38
PO_BACK_3: equ 0x0A3A
PO_RIGHT: equ 0x0A3D
PO_ENTER: equ 0x0A4F
PO_COMMA: equ 0x0A5F
PO_QUEST: equ 0x0A69
PO_TV_2: equ 0x0A6D
PO_2_OPER: equ 0x0A75
PO_1_OPER: equ 0x0A7A
PO_TV_1: equ 0x0A7D
PO_CHANGE: equ 0x0A80
PO_CONT: equ 0x0A87
PO_AT_ERR: equ 0x0AAC
PO_AT_SET: equ 0x0ABF
PO_TAB: equ 0x0AC2
PO_FILL: equ 0x0AC3
PO_SPACE: equ 0x0AD0
PO_ABLE: equ 0x0AD9
PO_STORE: equ 0x0ADC
PO_ST_E: equ 0x0AF0
PO_ST_PR: equ 0x0AFC
PO_FETCH: equ 0x0B03
PO_F_PR: equ 0x0B1D
PO_ANY: equ 0x0B24
PO_GR_1: equ 0x0B38
PO_GR_2: equ 0x0B3E
PO_T: equ 0x0B5F
PO_CHAR: equ 0x0B65
PO_CHAR_2: equ 0x0B6A
PO_CHAR_3: equ 0x0B76
PR_ALL: equ 0x0B7F
PR_ALL_1: equ 0x0B93
PR_ALL_2: equ 0x0BA4
PR_ALL_3: equ 0x0BB6
PR_ALL_4: equ 0x0BB7
PR_ALL_5: equ 0x0BC1
PR_ALL_6: equ 0x0BD3
PO_ATTR: equ 0x0BDB
PO_ATTR_1: equ 0x0BFA
PO_ATTR_2: equ 0x0C08
PO_MSG: equ 0x0C0A
PO_TOKENS: equ 0x0C10
PO_TABLE: equ 0x0C14
PO_EACH: equ 0x0C22
PO_TR_SP: equ 0x0C35
PO_SAVE: equ 0x0C3B
PO_SEARCH: equ 0x0C41
PO_STEP: equ 0x0C44
PO_SCR: equ 0x0C55
REPORT_5: equ 0x0C86
PO_SCR_2: equ 0x0C88
PO_SCR_3: equ 0x0CD2
PO_SCR_3A: equ 0x0CF0
REPORT_D: equ 0x0D00
PO_SCR_4: equ 0x0D02
PO_SCR_4A: equ 0x0D1C
PO_SCR_4B: equ 0x0D2D
TEMPS: equ 0x0D4D
TEMPS_1: equ 0x0D5B
TEMPS_2: equ 0x0D65
CLS: equ 0x0D6B
CLS_LOWER: equ 0x0D6E
CLS_1: equ 0x0D87
CLS_2: equ 0x0D89
CLS_3: equ 0x0D8E
CL_CHAN: equ 0x0D94
CL_CHAN_A: equ 0x0DA0
CL_ALL: equ 0x0DAF
CL_SET: equ 0x0DD9
CL_SET_1: equ 0x0DEE
CL_SET_2: equ 0x0DF4
CL_SC_ALL: equ 0x0DFE
CL_SCR_1: equ 0x0E05
CL_SCR_2: equ 0x0E0D
CL_SCR_3: equ 0x0E19
CL_LINE: equ 0x0E44
CL_LINE_1: equ 0x0E4A
CL_LINE_2: equ 0x0E4D
CL_LINE_3: equ 0x0E80
CL_ATTR: equ 0x0E88
CL_ADDR: equ 0x0E9B
COPY_1: equ 0x0EB2
COPY_END: equ 0x0EDA
CLEAR_PRB: equ 0x0EDF
PRB_BYTES: equ 0x0EE7
COPY_LINE: equ 0x0EF4
COPY_L_1: equ 0x0EFD
REPORT_Dc: equ 0x0F0A
COPY_L_2: equ 0x0F0C
COPY_L_3: equ 0x0F14
COPY_L_4: equ 0x0F18
COPY_L_5: equ 0x0F1E
EDITOR: equ 0x0F2C
ED_AGAIN: equ 0x0F30
ED_LOOP: equ 0x0F38
ED_CONTR: equ 0x0F6C
ADD_CHAR: equ 0x0F81
ADD_CH_1: equ 0x0F8B
ED_KEYS: equ 0x0F92
ED_STOP: equ 0x1001
ED_LEFT: equ 0x1007
ED_RIGHT: equ 0x100C
ED_CUR: equ 0x1011
ED_DELETE: equ 0x1015
ED_IGNORE: equ 0x101E
ED_ENTER: equ 0x1024
ED_END: equ 0x1026
ED_EDGE: equ 0x1031
ED_EDGE_1: equ 0x103E
ED_ERROR: equ 0x107F
CLEAR_SP: equ 0x1097
KEY_M_CL: equ 0x10DB
KEY_MODE: equ 0x10E6
KEY_FLAG: equ 0x10F4
KEY_CONTR: equ 0x10FA
KEY_DATA: equ 0x1105
KEY_NEXT: equ 0x110D
KEY_CHAN: equ 0x1113
KEY_DONE: equ 0x111B
ED_COPY: equ 0x111D
ED_BLANK: equ 0x1150
ED_SPACES: equ 0x115E
ED_C_DONE: equ 0x117C
ED_C_END: equ 0x117E
REMOVE_FP: equ 0x11A7
init_chan: equ 0x15AF
REPORT_J: equ 0x15C4
init_strm: equ 0x15C6
WAIT_KEY: equ 0x15D4
WAIT_KEY1: equ 0x15DE
REPORT_8: equ 0x15E4
INPUT_AD: equ 0x15E6
OUT_CODE: equ 0x15EF
PRINT_A_2: equ 0x15F2
CALL_SUB: equ 0x15F7
CHAN_OPEN: equ 0x1601
REPORT_Oa: equ 0x160E
CHAN_OP_1: equ 0x1610
CHAN_FLAG: equ 0x1615
CALL_JUMP: equ 0x162C
CHAN_K: equ 0x1634
CHAN_S: equ 0x1642
CHAN_S_1: equ 0x1646
CHAN_P: equ 0x164D
SV_SLICE: equ 0x1681
SV_DIM: equ 0x1684
LINE_ZERO: equ 0x168F
LINE_NO_A: equ 0x1691
LINE_NO: equ 0x1695
RESERVE: equ 0x169E
SET_MIN: equ 0x16B0
SET_WORK: equ 0x16BF
SET_STK: equ 0x16C5
REC_EDIT: equ 0x16D4
INDEXER_1: equ 0x16DB
INDEXER: equ 0x16DC
CLOSE: equ 0x16E5
CLOSE_1: equ 0x16FC
CLOSE_2: equ 0x1701
cl_str_lu: equ 0x1716
CLOSE_STR: equ 0x171C
STR_DATA: equ 0x171E
REPORT_Ob: equ 0x1725
STR_DATA1: equ 0x1727
OPEN: equ 0x1736
OPEN_1: equ 0x1756
OPEN_2: equ 0x175D
REPORT_F: equ 0x1765
OPEN_3: equ 0x1767
op_str_lu: equ 0x177A
OPEN_K: equ 0x1781
OPEN_S: equ 0x1785
OPEN_P: equ 0x1789
OUT_LINE2: equ 0x187D
OUT_LINE3: equ 0x1881
OUT_LINE4: equ 0x1894
OUT_LINE5: equ 0x18A1
OUT_LINE6: equ 0x18B4
NUMBER: equ 0x18B6
OUT_FLASH: equ 0x18C1
OUT_CURS: equ 0x18E1
OUT_C_1: equ 0x18F3
OUT_C_2: equ 0x1909
LN_FETCH: equ 0x190F
OUT_SP_2: equ 0x1925
OUT_SP_NO: equ 0x192A
OUT_SP_1: equ 0x192B
OUT_CHAR: equ 0x1937
OUT_CH_1: equ 0x195A
OUT_CH_2: equ 0x1968
OUT_CH_3: equ 0x196C
LINE_ADDR: equ 0x196E
CP_LINES: equ 0x1980
EACH_STMT: equ 0x198B
EACH_S_1: equ 0x1990
EACH_S_2: equ 0x1998
EACH_S_3: equ 0x199A
EACH_S_4: equ 0x19A5
EACH_S_5: equ 0x19AD
DIFFER: equ 0x19DD
RECLAIM_1: equ 0x19E5
E_LINE_NO: equ 0x19FB
E_L_1: equ 0x1A15
OUT_NUM_1: equ 0x1A1B
OUT_NUM_2: equ 0x1A28
OUT_NUM_3: equ 0x1A30
V_MATCHES: equ 0x1A7A
V_SPACES: equ 0x1A7B
CLASS_03: equ 0x1C0D
CLASS_00: equ 0x1C10
CLASS_05: equ 0x1C11
CLASS_01: equ 0x1C1F
VAR_A_1: equ 0x1C22
REPORT_2: equ 0x1C2E
VAR_A_3: equ 0x1C46
CLASS_02: equ 0x1C4E
VAL_FET_1: equ 0x1C56
VAL_FET_2: equ 0x1C59
NEXT_2NUM: equ 0x1C79
EXPT_2NUM: equ 0x1C7A
EXPT_1NUM: equ 0x1C82
REPORT_C: equ 0x1C8A
EXPT_EXP: equ 0x1C8C
CLASS_07: equ 0x1C96
CLASS_09: equ 0x1CBE
FETCH_NUM: equ 0x1CDE
F_REORDER: equ 0x1CEE
NEXT_LOOP: equ 0x1DBB
NEXT_1: equ 0x1DC3
RANDOMIZE: equ 0x1E4F
OUT: equ 0x1E7A
POKE: equ 0x1E80
TWO_PARAM: equ 0x1E85
TWO_P_1: equ 0x1E8E
FIND_INT1: equ 0x1E94
SIGN_FLAG: equ 0x1EAE
TEST_ROOM: equ 0x1F05
PAUSE: equ 0x1F3A
PAUSE_1: equ 0x1F3D
PAUSE_2: equ 0x1F49
PAUSE_END: equ 0x1F4F
BREAK_KEY: equ 0x1F54
PRINT_2: equ 0x1FDF
PRINT_3: equ 0x1FE5
PRINT_4: equ 0x1FF2
PRINT_CR: equ 0x1FF5
PR_ITEM_1: equ 0x1FFC
PR_ITEM_2: equ 0x200E
PR_AT_TAB: equ 0x201E
PR_ITEM_3: equ 0x2024
PR_STRING: equ 0x203C
PR_END_Z: equ 0x2045
PR_ST_END: equ 0x2048
PR_POSN_1: equ 0x204E
PR_POSN_2: equ 0x2061
PR_POSN_3: equ 0x2067
PR_POSN_4: equ 0x206E
STR_ALTER: equ 0x2070
INPUT_2: equ 0x20AD
IN_CHAN_K: equ 0x21D6
CO_TEMP_1: equ 0x21E1
CO_TEMP_2: equ 0x21E2
CO_TEMP_3: equ 0x21F2
CO_TEMP_4: equ 0x21FC
CO_TEMP_5: equ 0x2211
CO_TEMP_6: equ 0x2228
CO_TEMP_7: equ 0x2234
CO_TEMP_8: equ 0x223E
REPORT_K: equ 0x2244
CO_TEMP_9: equ 0x2246
CO_TEMP_A: equ 0x2257
CO_TEMP_B: equ 0x2258
CO_CHANGE: equ 0x226C
CO_TEMP_C: equ 0x2273
CO_TEMP_D: equ 0x227D
CO_TEMP_E: equ 0x2287
BORDER: equ 0x2294
BORDER_1: equ 0x22A6
PIXEL_ADD: equ 0x22AA
POINT_SUB: equ 0x22CB
POINT_LP: equ 0x22D4
PLOT: equ 0x22DC
PLOT_SUB: equ 0x22E5
PLOT_LOOP: equ 0x22F0
PL_TST_IN: equ 0x22FD
PLOT_END: equ 0x2303
STK_TO_BC: equ 0x2307
STK_TO_A: equ 0x2314
CIRCLE: equ 0x2320
C_R_GRE_1: equ 0x233B
C_ARC_GE1: equ 0x235A
DRAW: equ 0x2382
DR_3_PRMS: equ 0x238D
DR_SIN_NZ: equ 0x23A3
DR_PRMS: equ 0x23C1
DRW_STEPS: equ 0x2420
ARC_LOOP: equ 0x2425
ARC_START: equ 0x2439
ARC_END: equ 0x245F
LINE_DRAW: equ 0x2477
CD_PRMS1: equ 0x247D
USE_252: equ 0x2495
DRAW_SAVE: equ 0x2497
DRAW_LINE: equ 0x24B7
DL_X_GE_Y: equ 0x24C4
DL_LARGER: equ 0x24CB
D_L_LOOP: equ 0x24CE
D_L_DIAG: equ 0x24D4
D_L_HR_VT: equ 0x24DB
D_L_STEP: equ 0x24DF
D_L_PLOT: equ 0x24EC
S_QUOTE_S: equ 0x250F
S_2_COORD: equ 0x2522
S_RPORT_C: equ 0x252D
SYNTAX_Z: equ 0x2530
S_ATTR_S: equ 0x2580
S_QUOTE: equ 0x25B3
S_Q_AGAIN: equ 0x25BE
S_Q_COPY: equ 0x25CB
S_Q_PRMS: equ 0x25D9
S_STRING: equ 0x25DB
S_BRACKET: equ 0x25E8
S_PI: equ 0x2644
S_PI_END: equ 0x264D
S_STK_DEC: equ 0x26B5
S_SD_SKIP: equ 0x26B6
S_CONT_2: equ 0x2712
S_RUNTEST: equ 0x2761
S_TIGHTER: equ 0x2773
SV_SIMPLE_: equ 0x29A1
SV_ARRAYS: equ 0x29AE
SV_COUNT: equ 0x29EA
SV_MULT: equ 0x29FF
SLICING: equ 0x2A52
SL_RPT_C: equ 0x2A7A
SL_SECOND: equ 0x2A81
SL_DEFINE: equ 0x2A94
SL_OVER: equ 0x2AA8
SL_STORE: equ 0x2AAD
INT_EXP1: equ 0x2ACC
INT_EXP2: equ 0x2ACD
I_CARRY: equ 0x2AE8
I_RESTORE: equ 0x2AEB
DE__DE_1_: equ 0x2AEE
GET_HL_DE: equ 0x2AF4
STK_FETCH: equ 0x2BF1
ALPHANUM: equ 0x2C88
ALPHA: equ 0x2C8D
STACK_A: equ 0x2D28
STACK_BC: equ 0x2D2B
E_TO_FP: equ 0x2D4F
E_SAVE: equ 0x2D55
E_LOOP: equ 0x2D60
E_DIVSN: equ 0x2D6D
E_FETCH: equ 0x2D6E
E_TST_END: equ 0x2D71
E_END: equ 0x2D7B
INT_FETCH: equ 0x2D7F
p_int_sto: equ 0x2D8C
INT_STORE: equ 0x2D8E
FP_TO_BC: equ 0x2DA2
FP_DELETE: equ 0x2DAD
LOG_2_A_: equ 0x2DC1
FP_TO_A: equ 0x2DD5
FP_A_END: equ 0x2DE1
PRINT_FP: equ 0x2DE3
PF_NEGTVE: equ 0x2DF2
PF_POSTVE: equ 0x2DF8
PF_LOOP: equ 0x2E01
PF_LARGE: equ 0x2E56
PF_MEDIUM: equ 0x2E6F
PF_BITS: equ 0x2E7B
PF_BYTES: equ 0x2E8A
PF_DIGITS: equ 0x2EA1
PF_INSERT: equ 0x2EA9
PF_TEST_2: equ 0x2EB3
PF_ALL_9: equ 0x2EB8
PF_MORE: equ 0x2ECB
PF_FRACTN: equ 0x2ECF
PF_FRN_LP: equ 0x2EDF
PF_FR_DGT: equ 0x2EEC
PF_FR_EXX: equ 0x2EEF
PF_RND_LP: equ 0x2F18
PF_R_BACK: equ 0x2F25
PF_COUNT: equ 0x2F2D
PF_NOT_E: equ 0x2F46
PF_E_SBRN: equ 0x2F4A
PF_OUT_LP: equ 0x2F52
PF_OUT_DT: equ 0x2F59
PF_DC_OUT: equ 0x2F5E
PF_DEC_0_: equ 0x2F64
PF_E_FRMT: equ 0x2F6C
PF_E_POS: equ 0x2F83
PF_E_SIGN: equ 0x2F85
CA_10_A_C: equ 0x2F8B
PREP_ADD: equ 0x2F9B
NEG_BYTE: equ 0x2FAF
FETCH_TWO: equ 0x2FBA
SHIFT_FP: equ 0x2FDD
ONE_SHIFT: equ 0x2FE5
ADDEND_0: equ 0x2FF9
ZEROS_4_5: equ 0x2FFB
ADD_BACK: equ 0x3004
ALL_ADDED: equ 0x300D
subtract: equ 0x300F
addition: equ 0x3014
ADDN_OFLW: equ 0x303C
TEST_NEG: equ 0x307C
ADD_REP_6: equ 0x309F
END_COMPL: equ 0x30A3
GO_NC_MLT: equ 0x30A5
HL_HL_DE: equ 0x30A9
HL_LOOP: equ 0x30B1
HL_AGAIN: equ 0x30BC
HL_END: equ 0x30BE
PREP_M_D: equ 0x30C0
multiply: equ 0x30CA
MULT_RSLT: equ 0x30EA
MULT_OFLW: equ 0x30EF
MULT_LONG: equ 0x30F0
MLT_LOOP: equ 0x3114
NO_ADD: equ 0x311B
STRT_MLT: equ 0x3125
MAKE_EXPT: equ 0x313B
DIVN_EXPT: equ 0x313D
OFLW1_CLR: equ 0x3146
OFLW2_CLR: equ 0x3151
TEST_NORM: equ 0x3155
NEAR_ZERO: equ 0x3159
ZERO_RSLT: equ 0x315D
SKIP_ZERO: equ 0x315E
NORMALISE: equ 0x316C
SHIFT_ONE: equ 0x316E
NORML_NOW: equ 0x3186
OFLOW_CLR: equ 0x3195
REPORT_6: equ 0x31AD
division: equ 0x31AF
DIV_LOOP: equ 0x31D2
div_34th: equ 0x31DB
DIV_START: equ 0x31E2
SUBN_ONLY: equ 0x31F2
truncate: equ 0x3214
T_SMALL: equ 0x323F
T_NUMERIC: equ 0x3252
T_TEST: equ 0x325E
T_SHIFT: equ 0x3261
T_STORE: equ 0x3267
T_EXPNENT: equ 0x326C
X_LARGE: equ 0x326D
NIL_BYTES: equ 0x3272
BYTE_ZERO: equ 0x327E
BITS_ZERO: equ 0x3283
LESS_MASK: equ 0x328A
IX_END: equ 0x3290
RE_ST_TWO: equ 0x3293
RESTK_SUB: equ 0x3296
re_stack: equ 0x3297
RS_NRMLSE: equ 0x32B1
RSTK_LOOP: equ 0x32B2
CALCULATE: equ 0x335B
GEN_ENT_1: equ 0x335E
GEN_ENT_2: equ 0x3362
RE_ENTRY: equ 0x3365
delete: equ 0x33A1
fp_calc_2: equ 0x33A2
TEST_5_SP: equ 0x33A9
FORM_EXP: equ 0x33DD
st_mem_xx: equ 0x342D
exchange: equ 0x343C
SWAP_BYTE: equ 0x343E
series_xx: equ 0x3449
G_LOOP: equ 0x3453
abs: equ 0x346A
negate: equ 0x346E
NEG_TEST: equ 0x3474
INT_CASE: equ 0x3483
sgn: equ 0x3492
in: equ 0x34A5
usr__: equ 0x34BC
REPORT_A: equ 0x34E7
TEST_ZERO: equ 0x34E9
greater_0: equ 0x34F9
not: equ 0x3501
less_0: equ 0x3506
SIGN_TO_C: equ 0x3507
FP_0_1: equ 0x350B
or: equ 0x351B
no___no: equ 0x3524
str___no: equ 0x352D
no_l_eql: equ 0x353B
EX_OR_NOT: equ 0x3543
NU_OR_STR: equ 0x354E
STRINGS: equ 0x3559
BYTE_COMP: equ 0x3564
SECND_LOW: equ 0x356B
BOTH_NULL: equ 0x3572
SEC_PLUS: equ 0x3575
FRST_LESS: equ 0x3585
STR_TEST: equ 0x3588
END_TESTS: equ 0x358C
strs_add: equ 0x359C
OTHER_STR: equ 0x35B7
chrs: equ 0x35C9
REPORT_Bd: equ 0x35DC
val: equ 0x35DE
V_RPORT_C: equ 0x360C
read_in: equ 0x3645
R_I_STORE: equ 0x365F
code: equ 0x3669
dec_jr_nz: equ 0x367A
JUMP: equ 0x3686
JUMP_2: equ 0x3687
jump_true: equ 0x368F
end_calc: equ 0x369B
n_mod_m: equ 0x36A0
int: equ 0x36AF
X_NEG: equ 0x36B7
EXIT: equ 0x36C2
exp: equ 0x36C4
REPORT_6b: equ 0x3703
N_NEGTV: equ 0x3705
RESULT_OK: equ 0x370C
RSLT_ZERO: equ 0x370E
ln: equ 0x3713
REPORT_Ab: equ 0x371A
VALID: equ 0x371C
GRE_8: equ 0x373D
get_argt: equ 0x3783
ZPLUS: equ 0x37A1
YNEG: equ 0x37A8
cos: equ 0x37AA
sin: equ 0x37B5
C_ENT: equ 0x37B7
tan: equ 0x37DA
atn: equ 0x37E2
SMALL: equ 0x37F8
CASES: equ 0x37FA
asn: equ 0x3833
acs: equ 0x3843
sqr: equ 0x384A
to_power: equ 0x3851
XISO: equ 0x385D
