; NextZXOS ROM 2 (+3DOS / IDEDOS / NextZXOS API), shown at #0000
L0000: equ 0x0000
L0008: equ 0x0008
L0010: equ 0x0010
L0018: equ 0x0018
L0020: equ 0x0020
L0028: equ 0x0028
L0030: equ 0x0030
L0038: equ 0x0038
IDE_STREAM_OPEN: equ 0x0056
IDE_STREAM_CLOSE: equ 0x0059
IDE_STREAM_IN: equ 0x005C
IDE_STREAM_OUT: equ 0x005F
IDE_STREAM_PTR: equ 0x0062
L0066: equ 0x0066
IDE_VERSION: equ 0x00A0
IDE_INTERFACE: equ 0x00A3
IDE_INIT: equ 0x00A6
IDE_DRIVE: equ 0x00A9
IDE_SECTOR_READ: equ 0x00AC
IDE_SECTOR_WRITE: equ 0x00AF
IDE_FORMAT: equ 0x00B2
IDE_PARTITION_FIND: equ 0x00B5
IDE_PARTITION_NEW: equ 0x00B8
IDE_PARTITION_INIT: equ 0x00BB
IDE_PARTITION_ERASE: equ 0x00BE
IDE_PARTITION_RENAME: equ 0x00C1
IDE_PARTITON_READ: equ 0x00C4
IDE_PARTITION_WRITE: equ 0x00C7
IDE_PARTITION_WINFO: equ 0x00CA
IDE_PARTITION_OPEN: equ 0x00CD
IDE_PARTITION_CLOSE: equ 0x00D0
IDE_PARTITION_GETINFO: equ 0x00D3
IDE_PARTITION_SETINFO: equ 0x00D6
IDE_SWAP_OPEN: equ 0x00D9
IDE_SWAP_CLOSE: equ 0x00DC
IDE_SWAP_OUT: equ 0x00DF
IDE_SWAP_IN: equ 0x00E2
IDE_SWAP_EX: equ 0x00E5
IDE_SWAP_POS: equ 0x00E8
IDE_SWAP_MOVE: equ 0x00EB
IDE_SWAP_RESIZE: equ 0x00EE
IDE_DOS_MAP: equ 0x00F1
IDE_DOS_UNMAP: equ 0x00F4
IDE_DOS_MAPPING: equ 0x00F7
IDE_DOS_UNPERMANENT: equ 0x00FA
IDE_SNAPLOAD: equ 0x00FD
DOS_INITIALISE: equ 0x0100
DOS_VERSION: equ 0x0103
DOS_OPEN: equ 0x0106
DOS_CLOSE: equ 0x0109
DOS_ABANDON: equ 0x010C
DOS_REF_HEAD: equ 0x010F
DOS_READ: equ 0x0112
DOS_WRITE: equ 0x0115
DOS_BYTE_READ: equ 0x0118
DOS_BYTE_WRITE: equ 0x011B
DOS_CATALOG: equ 0x011E
DOS_FREE_SPACE: equ 0x0121
DOS_DELETE: equ 0x0124
DOS_RENAME: equ 0x0127
DOS_BOOT: equ 0x012A
DOS_SET_DRIVE: equ 0x012D
DOS_SET_USER: equ 0x0130
DOS_GET_POSITION: equ 0x0133
DOS_SET_POSITION: equ 0x0136
DOS_GET_EOF: equ 0x0139
DOS_GET_1346: equ 0x013C
DOS_SET_1346: equ 0x013F
DOS_FLUSH: equ 0x0142
DOS_SET_ACCESS: equ 0x0145
DOS_SET_ATTRIBUTES: equ 0x0148
DOS_OPEN_DRIVE: equ 0x014B
DOS_SET_MESSAGE: equ 0x014E
DOS_REF_XDPB: equ 0x0151
DOS_MAP_B: equ 0x0154
DD_INTERFACE: equ 0x0157
DD_INIT: equ 0x015A
DD_SETUP: equ 0x015D
DD_SET_RETRY: equ 0x0160
DD_READ_SECTOR: equ 0x0163
DD_WRITE_SECTOR: equ 0x0166
DD_CHECK_SECTOR: equ 0x0169
DD_FORMAT: equ 0x016C
DD_READ_ID: equ 0x016F
DD_TEST_UNSUITABLE: equ 0x0172
DD_LOGIN: equ 0x0175
DD_SEL_FORMAT: equ 0x0178
DD_ASK_1: equ 0x017B
DD_DRIVE_STATUS: equ 0x017E
DD_EQUIPMENT: equ 0x0181
DD_ENCODE: equ 0x0184
DD_L_XDPB: equ 0x0187
DD_L_DPB: equ 0x018A
DD_L_SEEK: equ 0x018D
DD_L_READ: equ 0x0190
DD_L_WRITE: equ 0x0193
DD_L_ON_MOTOR: equ 0x0196
DD_L_T_OFF_MOTOR: equ 0x0199
DD_L_OFF_MOTOR: equ 0x019C
L019F: equ 0x019F
IDE_IDENTIFY: equ 0x01A2
IDE_PARTITIONS: equ 0x01A5
L01A8: equ 0x01A8
L01AB: equ 0x01AB
L01AE: equ 0x01AE
IDE_PATH: equ 0x01B1
IDE_CAPACITY: equ 0x01B4
IDE_GET_LFN: equ 0x01B7
IDE_BROWSER: equ 0x01BA
IDE_BANK: equ 0x01BD
IDE_BASIC: equ 0x01C0
IDE_WINDOW_LINEIN: equ 0x01C3
IDE_WINDOW_STRING: equ 0x01C6
IDE_INTEGER_VAR: equ 0x01C9
IDE_RTC: equ 0x01CC
IDE_DRIVER: equ 0x01CF
IDE_MOUNT: equ 0x01D2
IDE_MODE: equ 0x01D5
IDE_TOKENISER: equ 0x01D8
SectorToCardAddress: equ 0x1897
SdCommandZeroArg: equ 0x18D6
SdCommandZeroHL: equ 0x18D8
SdCommandCrcFF: equ 0x18DC
SdCommand: equ 0x18DE
SdReadRegister: equ 0x1904
SdWaitNotFF: equ 0x1925
SdWaitDataToken: equ 0x1933
SdReadBlock: equ 0x1944
SdDeselect: equ 0x1961
SdStopTransmission: equ 0x196D
SdWriteBlock: equ 0x197A
SdReadCsdLoop: equ 0x19C7
SdCardInit: equ 0x19DD
SdReadOcr: equ 0x1A68
SdCheckCardType: equ 0x1A82
